// Jest Snapshot v1, https://goo.gl/fbAQLP

exports[`should render the component correctly 1`] = `
.c0 {
  display: -webkit-box;
  display: -webkit-flex;
  display: -ms-flexbox;
  display: flex;
  -webkit-align-items: center;
  -webkit-box-align: center;
  -ms-flex-align: center;
  align-items: center;
}

<div
  className="c0"
>
  test
</div>
`;
